{"time":"2026-08-21T12:33:08.252746+05:30","level":"INFO","message":'Application startup',"module":"events","function":"lifespan","line":23,"request_id":null}
{"time":"2026-08-21T12:33:08.253301+05:30","level":"INFO","message":'OpenTelemetry tracing disabled in configuration (OTEL_ENABLED=false)',"module":"tracer","function":"init_telemetry","line":27,"request_id":null}
{"time":"2026-08-21T12:33:08.253532+05:30","level":"INFO","message":'Initializing Redis connection pool',"module":"connection","function":"initialize","line":32,"request_id":null}
{"time":"2026-08-21T12:33:08.260697+05:30","level":"INFO","message":'Redis connection established successfully',"module":"connection","function":"initialize","line":43,"request_id":null}
{"time":"2026-08-21T12:33:08.261637+05:30","level":"INFO","message":'Background worker service disabled in configuration (WORKER_ENABLED=false)',"module":"queue","function":"init_worker","line":22,"request_id":null}
{"time":"2026-08-21T12:33:09.036377+05:30","level":"INFO","message":'Application shutdown initiating',"module":"events","function":"lifespan","line":37,"request_id":null}
{"time":"2026-08-21T12:33:09.036826+05:30","level":"INFO","message":'Closing Redis client connections',"module":"connection","function":"close","line":56,"request_id":null}
{"time":"2026-08-21T12:33:09.037618+05:30","level":"INFO","message":'Application shutdown complete',"module":"events","function":"lifespan","line":41,"request_id":null}
{"time":"2026-08-21T12:33:09.960369+05:30","level":"INFO","message":'Application startup',"module":"events","function":"lifespan","line":23,"request_id":null}
{"time":"2026-08-21T12:33:09.960742+05:30","level":"INFO","message":'OpenTelemetry tracing disabled in configuration (OTEL_ENABLED=false)',"module":"tracer","function":"init_telemetry","line":27,"request_id":null}
{"time":"2026-08-21T12:33:09.960878+05:30","level":"INFO","message":'Initializing Redis connection pool',"module":"connection","function":"initialize","line":32,"request_id":null}
{"time":"2026-08-21T12:33:09.963946+05:30","level":"INFO","message":'Redis connection established successfully',"module":"connection","function":"initialize","line":43,"request_id":null}
{"time":"2026-08-21T12:33:09.964189+05:30","level":"INFO","message":'Background worker service disabled in configuration (WORKER_ENABLED=false)',"module":"queue","function":"init_worker","line":22,"request_id":null}
{"time":"2026-08-21T12:33:10.771757+05:30","level":"INFO","message":'Application shutdown initiating',"module":"events","function":"lifespan","line":37,"request_id":null}
{"time":"2026-08-21T12:33:10.772302+05:30","level":"INFO","message":'Closing Redis client connections',"module":"connection","function":"close","line":56,"request_id":null}
{"time":"2026-08-21T12:33:10.773163+05:30","level":"INFO","message":'Application shutdown complete',"module":"events","function":"lifespan","line":41,"request_id":null}
{"time":"2026-08-21T12:33:13.780222+05:30","level":"ERROR","message":'HTTPException: Not authenticated',"module":"handlers","function":"http_exception_handler","line":36,"request_id":"5ea7f2ac-bf6c-4efe-9067-ed5238ba7179"}
{"time":"2026-08-21T12:33:14.906548+05:30","level":"ERROR","message":'HTTPException: Could not validate credentials',"module":"handlers","function":"http_exception_handler","line":36,"request_id":"909f0232-5623-49eb-b0e1-18be09ff1b46"}
{"time":"2026-08-21T12:33:18.502543+05:30","level":"INFO","message":'Executing background ping_task',"module":"worker","function":"ping_task","line":15,"request_id":null}
{"time":"2026-08-21T12:33:19.410720+05:30","level":"INFO","message":'Executing sample background job',"module":"worker","function":"sample_background_job","line":21,"request_id":null}
{"time":"2026-08-21T12:33:20.430533+05:30","level":"INFO","message":'Inline background job execution (worker pool unavailable)',"module":"queue","function":"enqueue_job","line":66,"request_id":null}
{"time":"2026-08-21T12:47:32.854935+05:30","level":"INFO","message":'Application startup',"module":"events","function":"lifespan","line":23,"request_id":null}
{"time":"2026-08-21T12:47:32.855908+05:30","level":"INFO","message":'OpenTelemetry tracing disabled in configuration (OTEL_ENABLED=false)',"module":"tracer","function":"init_telemetry","line":27,"request_id":null}
{"time":"2026-08-21T12:47:32.856105+05:30","level":"INFO","message":'Initializing Redis connection pool',"module":"connection","function":"initialize","line":32,"request_id":null}
{"time":"2026-08-21T12:47:32.859206+05:30","level":"INFO","message":'Redis connection established successfully',"module":"connection","function":"initialize","line":43,"request_id":null}
{"time":"2026-08-21T12:47:32.859489+05:30","level":"INFO","message":'Background worker service disabled in configuration (WORKER_ENABLED=false)',"module":"queue","function":"init_worker","line":22,"request_id":null}
{"time":"2026-08-21T12:49:50.787561+05:30","level":"ERROR","message":'HTTPException: Learning path not found',"module":"handlers","function":"http_exception_handler","line":36,"request_id":"ae36826b-77f4-4beb-91f0-40fc38a6b634"}
{"time":"2026-08-21T12:49:50.857082+05:30","level":"ERROR","message":'HTTPException: Learning path not found',"module":"handlers","function":"http_exception_handler","line":36,"request_id":"21657b96-4d0d-46ff-9014-80ff417fc344"}
{"time":"2026-08-21T12:50:08.255632+05:30","level":"ERROR","message":'HTTPException: Learning path not found',"module":"handlers","function":"http_exception_handler","line":36,"request_id":"ea1bfc8c-4dbf-4c54-92ec-0f49e48038c0"}
{"time":"2026-08-21T12:50:08.344515+05:30","level":"ERROR","message":'HTTPException: Learning path not found',"module":"handlers","function":"http_exception_handler","line":36,"request_id":"45ec614d-28d9-4500-b8b3-3c3e94b66721"}
{"time":"2026-08-21T12:50:12.294255+05:30","level":"ERROR","message":'HTTPException: Learning path not found',"module":"handlers","function":"http_exception_handler","line":36,"request_id":"ed33ca0a-3de1-456c-bc8a-26b58a3b2b8c"}
{"time":"2026-08-21T12:50:12.363800+05:30","level":"ERROR","message":'HTTPException: Learning path not found',"module":"handlers","function":"http_exception_handler","line":36,"request_id":"2815f793-3df7-4435-b8bb-ce8e85946179"}
{"time":"2026-08-21T12:50:38.714881+05:30","level":"ERROR","message":'HTTPException: Learning path not found',"module":"handlers","function":"http_exception_handler","line":36,"request_id":"017ea98d-e0b0-4a5a-b076-587f21c8fd40"}
{"time":"2026-08-21T12:50:38.789094+05:30","level":"ERROR","message":'HTTPException: Learning path not found',"module":"handlers","function":"http_exception_handler","line":36,"request_id":"9dc0e9a6-ae4b-4f0d-9145-079224a8f9ad"}
{"time":"2026-08-21T12:50:44.769347+05:30","level":"ERROR","message":'HTTPException: Learning path not found',"module":"handlers","function":"http_exception_handler","line":36,"request_id":"c6215421-f0ad-420a-8600-dbb71567ebe0"}
{"time":"2026-08-21T12:50:44.866292+05:30","level":"ERROR","message":'HTTPException: Learning path not found',"module":"handlers","function":"http_exception_handler","line":36,"request_id":"8c617e9f-a52f-4fab-8fcb-8b5a87cb07ae"}
{"time":"2026-08-21T13:26:44.908625+05:30","level":"INFO","message":'Application shutdown initiating',"module":"events","function":"lifespan","line":37,"request_id":null}
{"time":"2026-08-21T13:26:44.977115+05:30","level":"INFO","message":'Closing Redis client connections',"module":"connection","function":"close","line":56,"request_id":null}
{"time":"2026-08-21T13:26:45.088696+05:30","level":"INFO","message":'Application shutdown complete',"module":"events","function":"lifespan","line":41,"request_id":null}
