{"time":"2026-08-16T17:21:58.822646+05:30","level":"INFO","message":'Application startup',"module":"events","function":"lifespan","line":23,"request_id":null}
{"time":"2026-08-16T17:21:58.823169+05:30","level":"INFO","message":'OpenTelemetry tracing disabled in configuration (OTEL_ENABLED=false)',"module":"tracer","function":"init_telemetry","line":27,"request_id":null}
{"time":"2026-08-16T17:21:58.823616+05:30","level":"INFO","message":'Initializing Redis connection pool',"module":"connection","function":"initialize","line":32,"request_id":null}
{"time":"2026-08-16T17:21:58.827542+05:30","level":"INFO","message":'Redis connection established successfully',"module":"connection","function":"initialize","line":43,"request_id":null}
{"time":"2026-08-16T17:21:58.827747+05:30","level":"INFO","message":'Background worker service disabled in configuration (WORKER_ENABLED=false)',"module":"queue","function":"init_worker","line":22,"request_id":null}
{"time":"2026-08-16T17:22:16.178045+05:30","level":"ERROR","message":'Unhandled exception',"module":"handlers","function":"unhandled_exception_handler","line":64,"request_id":"016959ab-86df-4efe-b288-1c452709c87a"}
{"time":"2026-08-16T17:23:13.002903+05:30","level":"INFO","message":'Application startup',"module":"events","function":"lifespan","line":23,"request_id":null}
{"time":"2026-08-16T17:23:13.003095+05:30","level":"INFO","message":'OpenTelemetry tracing disabled in configuration (OTEL_ENABLED=false)',"module":"tracer","function":"init_telemetry","line":27,"request_id":null}
{"time":"2026-08-16T17:23:13.003188+05:30","level":"INFO","message":'Initializing Redis connection pool',"module":"connection","function":"initialize","line":32,"request_id":null}
{"time":"2026-08-16T17:23:13.005691+05:30","level":"INFO","message":'Redis connection established successfully',"module":"connection","function":"initialize","line":43,"request_id":null}
{"time":"2026-08-16T17:23:13.005963+05:30","level":"INFO","message":'Background worker service disabled in configuration (WORKER_ENABLED=false)',"module":"queue","function":"init_worker","line":22,"request_id":null}
{"time":"2026-08-16T17:23:13.007054+05:30","level":"INFO","message":'Application shutdown initiating',"module":"events","function":"lifespan","line":37,"request_id":null}
{"time":"2026-08-16T17:23:13.007251+05:30","level":"INFO","message":'Closing Redis client connections',"module":"connection","function":"close","line":56,"request_id":null}
{"time":"2026-08-16T17:23:13.007657+05:30","level":"INFO","message":'Application shutdown complete',"module":"events","function":"lifespan","line":41,"request_id":null}
{"time":"2026-08-16T17:23:50.849223+05:30","level":"ERROR","message":'Unhandled exception',"module":"handlers","function":"unhandled_exception_handler","line":64,"request_id":"ddadc3de-30c0-49bc-b307-f3f67328e5c4"}
{"time":"2026-08-16T17:24:13.978180+05:30","level":"INFO","message":'Application startup',"module":"events","function":"lifespan","line":23,"request_id":null}
{"time":"2026-08-16T17:24:13.978968+05:30","level":"INFO","message":'OpenTelemetry tracing disabled in configuration (OTEL_ENABLED=false)',"module":"tracer","function":"init_telemetry","line":27,"request_id":null}
{"time":"2026-08-16T17:24:13.979196+05:30","level":"INFO","message":'Initializing Redis connection pool',"module":"connection","function":"initialize","line":32,"request_id":null}
{"time":"2026-08-16T17:24:13.983487+05:30","level":"INFO","message":'Redis connection established successfully',"module":"connection","function":"initialize","line":43,"request_id":null}
{"time":"2026-08-16T17:24:13.983847+05:30","level":"INFO","message":'Background worker service disabled in configuration (WORKER_ENABLED=false)',"module":"queue","function":"init_worker","line":22,"request_id":null}
{"time":"2026-08-16T17:27:28.083656+05:30","level":"INFO","message":'Application startup',"module":"events","function":"lifespan","line":23,"request_id":null}
{"time":"2026-08-16T17:27:28.084238+05:30","level":"INFO","message":'OpenTelemetry tracing disabled in configuration (OTEL_ENABLED=false)',"module":"tracer","function":"init_telemetry","line":27,"request_id":null}
{"time":"2026-08-16T17:27:28.085438+05:30","level":"INFO","message":'Initializing Redis connection pool',"module":"connection","function":"initialize","line":32,"request_id":null}
{"time":"2026-08-16T17:27:28.089034+05:30","level":"INFO","message":'Redis connection established successfully',"module":"connection","function":"initialize","line":43,"request_id":null}
{"time":"2026-08-16T17:27:28.089437+05:30","level":"INFO","message":'Background worker service disabled in configuration (WORKER_ENABLED=false)',"module":"queue","function":"init_worker","line":22,"request_id":null}
{"time":"2026-08-16T17:27:42.120107+05:30","level":"INFO","message":'Application shutdown initiating',"module":"events","function":"lifespan","line":37,"request_id":null}
{"time":"2026-08-16T17:27:42.120801+05:30","level":"INFO","message":'Closing Redis client connections',"module":"connection","function":"close","line":56,"request_id":null}
{"time":"2026-08-16T17:27:42.122265+05:30","level":"INFO","message":'Application shutdown complete',"module":"events","function":"lifespan","line":41,"request_id":null}
{"time":"2026-08-16T17:27:54.358614+05:30","level":"INFO","message":'Application startup',"module":"events","function":"lifespan","line":23,"request_id":null}
{"time":"2026-08-16T17:27:54.359301+05:30","level":"INFO","message":'OpenTelemetry tracing disabled in configuration (OTEL_ENABLED=false)',"module":"tracer","function":"init_telemetry","line":27,"request_id":null}
{"time":"2026-08-16T17:27:54.359783+05:30","level":"INFO","message":'Initializing Redis connection pool',"module":"connection","function":"initialize","line":32,"request_id":null}
{"time":"2026-08-16T17:27:54.362045+05:30","level":"INFO","message":'Redis connection established successfully',"module":"connection","function":"initialize","line":43,"request_id":null}
{"time":"2026-08-16T17:27:54.362701+05:30","level":"INFO","message":'Background worker service disabled in configuration (WORKER_ENABLED=false)',"module":"queue","function":"init_worker","line":22,"request_id":null}
{"time":"2026-08-16T17:40:42.724540+05:30","level":"ERROR","message":'HTTPException: Email address already registered',"module":"handlers","function":"http_exception_handler","line":36,"request_id":"29bc39e6-a1bf-4a0c-90c3-da72d92d7baa"}
{"time":"2026-08-16T17:44:33.224505+05:30","level":"ERROR","message":'HTTPException: Email address already registered',"module":"handlers","function":"http_exception_handler","line":36,"request_id":"61798824-a47a-4e54-982e-179f24225012"}
{"time":"2026-08-16T17:45:51.509055+05:30","level":"ERROR","message":'HTTPException: Email address already registered',"module":"handlers","function":"http_exception_handler","line":36,"request_id":"ed65d3ab-1e8c-4000-8ab7-b0c563a45808"}
{"time":"2026-08-16T17:48:28.692341+05:30","level":"ERROR","message":'HTTPException: Email address already registered',"module":"handlers","function":"http_exception_handler","line":36,"request_id":"0554f5ed-be40-41d1-b061-b122bc2fcb44"}
{"time":"2026-08-16T22:14:36.165698+05:30","level":"INFO","message":'Application shutdown initiating',"module":"events","function":"lifespan","line":37,"request_id":null}
{"time":"2026-08-16T22:14:36.198291+05:30","level":"INFO","message":'Closing Redis client connections',"module":"connection","function":"close","line":56,"request_id":null}
{"time":"2026-08-16T22:14:36.259810+05:30","level":"INFO","message":'Application shutdown complete',"module":"events","function":"lifespan","line":41,"request_id":null}
{"time":"2026-08-16T22:15:31.020574+05:30","level":"INFO","message":'Application startup',"module":"events","function":"lifespan","line":23,"request_id":null}
{"time":"2026-08-16T22:15:31.022737+05:30","level":"INFO","message":'OpenTelemetry tracing disabled in configuration (OTEL_ENABLED=false)',"module":"tracer","function":"init_telemetry","line":27,"request_id":null}
{"time":"2026-08-16T22:15:31.024118+05:30","level":"INFO","message":'Initializing Redis connection pool',"module":"connection","function":"initialize","line":32,"request_id":null}
{"time":"2026-08-16T22:15:31.045476+05:30","level":"INFO","message":'Redis connection established successfully',"module":"connection","function":"initialize","line":43,"request_id":null}
{"time":"2026-08-16T22:15:31.046342+05:30","level":"INFO","message":'Background worker service disabled in configuration (WORKER_ENABLED=false)',"module":"queue","function":"init_worker","line":22,"request_id":null}
{"time":"2026-08-17T11:10:12.621851+05:30","level":"ERROR","message":'HTTPException: Invalid email or password',"module":"handlers","function":"http_exception_handler","line":36,"request_id":"41976d60-15f0-40e9-a0a4-a90eb371e236"}
{"time":"2026-08-17T11:10:23.072615+05:30","level":"ERROR","message":'Unhandled exception',"module":"handlers","function":"unhandled_exception_handler","line":64,"request_id":"5b441d47-8554-40ee-8fbe-6e71498212ce"}
{"time":"2026-08-17T11:10:27.120881+05:30","level":"ERROR","message":'Unhandled exception',"module":"handlers","function":"unhandled_exception_handler","line":64,"request_id":"ea87c7d3-cd2e-48ec-bf11-2792fe127af8"}
{"time":"2026-08-17T11:37:05.637523+05:30","level":"ERROR","message":'HTTPException: Invalid email or password',"module":"handlers","function":"http_exception_handler","line":36,"request_id":"1fb8f78c-2c6a-40ac-8416-01f8d19388f4"}
{"time":"2026-08-17T11:37:10.065917+05:30","level":"ERROR","message":'Unhandled exception',"module":"handlers","function":"unhandled_exception_handler","line":64,"request_id":"54a416ff-14bd-40bd-b476-e712ebf672e0"}
{"time":"2026-08-17T11:37:15.032392+05:30","level":"ERROR","message":'Unhandled exception',"module":"handlers","function":"unhandled_exception_handler","line":64,"request_id":"3767e573-9ba5-43f9-89fe-cc2cd48d21cd"}
